src/features/settings/components/notifications-section.tsx(39,9): error TS6133: 't' is declared but its value is never read.
